Copyright 1986-2020 Xilinx, Inc. All Rights Reserved.
--------------------------------------------------------------------------------------------------------------------------------------------------------------------------------------
| Tool Version : Vivado v.2020.1 (win64) Build 2902540 Wed May 27 19:54:49 MDT 2020
| Date         : Thu Apr 13 17:05:00 2023
| Host         : Laptopiszcze running 64-bit major release  (build 9200)
| Command      : report_methodology -file design_1_wrapper_methodology_drc_routed.rpt -pb design_1_wrapper_methodology_drc_routed.pb -rpx design_1_wrapper_methodology_drc_routed.rpx
| Design       : design_1_wrapper
| Device       : xc7z020clg400-1
| Speed File   : -1
| Design State : Fully Routed
--------------------------------------------------------------------------------------------------------------------------------------------------------------------------------------

Report Methodology

Table of Contents
-----------------
1. REPORT SUMMARY
2. REPORT DETAILS

1. REPORT SUMMARY
-----------------
            Netlist: netlist
          Floorplan: design_1
      Design limits: <entire design considered>
             Max violations: <unlimited>
             Violations found: 157
+-----------+----------+-----------------------+------------+
| Rule      | Severity | Description           | Violations |
+-----------+----------+-----------------------+------------+
| TIMING-16 | Warning  | Large setup violation | 157        |
+-----------+----------+-----------------------+------------+

2. REPORT DETAILS
-----------------
TIMING-16#1 Warning
Large setup violation  
There is a large setup violation of -1.015 ns between design_1_i/fwheun_0/inst/fwheun_struct/fourwing_derivatives1/addsub4/comp3.core_instance3/U0/xst_addsub/i_baseblox.i_baseblox_addsub/no_pipelining.the_addsub/i_lut6.i_lut6_addsub/i_q.i_simple.qreg/i_no_async_controls.output_reg[2]/C (clocked by clk_fpga_0) and design_1_i/fwheun_0/inst/fwheun_struct/cmult3/comp0.core_instance0/U0/i_mult/gCCM.iCCM/use_ccm_core.ccm_core/b0g2.b1g4.exg1.exg[0].sa2/a1g[1].has_reg.o_tmp_reg[50]/D (clocked by clk_fpga_0). Large setup violations at the end of those stages might be difficult to fix during the post-placement implementation flow and could be the result of non-optimal XDC constraints or non-optimal design architecture
Related violations: <none>

TIMING-16#2 Warning
Large setup violation  
There is a large setup violation of -1.021 ns between design_1_i/fwheun_0/inst/fwheun_axi_lite_interface/inst/slv_reg_array_reg[2][18]/C (clocked by clk_fpga_0) and design_1_i/fwheun_0/inst/fwheun_struct/fourwing_derivatives1/cmult3/comp3.core_instance3/U0/i_mult/gCCM.iCCM/use_ccm_core.ccm_core/b0g2.b1g4.exg1.exg[0].sa2/a1g[1].has_reg.o_tmp_reg[27]/D (clocked by clk_fpga_0). Large setup violations at the end of those stages might be difficult to fix during the post-placement implementation flow and could be the result of non-optimal XDC constraints or non-optimal design architecture
Related violations: <none>

TIMING-16#3 Warning
Large setup violation  
There is a large setup violation of -1.042 ns between design_1_i/fwheun_0/inst/fwheun_axi_lite_interface/inst/slv_reg_array_reg[2][18]/C (clocked by clk_fpga_0) and design_1_i/fwheun_0/inst/fwheun_struct/fourwing_derivatives1/cmult3/comp3.core_instance3/U0/i_mult/gCCM.iCCM/use_ccm_core.ccm_core/b0g2.b1g4.exg1.exg[0].sa2/a1g[1].has_reg.o_tmp_reg[25]/D (clocked by clk_fpga_0). Large setup violations at the end of those stages might be difficult to fix during the post-placement implementation flow and could be the result of non-optimal XDC constraints or non-optimal design architecture
Related violations: <none>

TIMING-16#4 Warning
Large setup violation  
There is a large setup violation of -1.046 ns between design_1_i/fwheun_0/inst/fwheun_axi_lite_interface/inst/slv_reg_array_reg[2][18]/C (clocked by clk_fpga_0) and design_1_i/fwheun_0/inst/fwheun_struct/fourwing_derivatives1/cmult3/comp3.core_instance3/U0/i_mult/gCCM.iCCM/use_ccm_core.ccm_core/b0g2.b1g4.exg1.exg[0].sa2/a1g[1].has_reg.o_tmp_reg[28]/D (clocked by clk_fpga_0). Large setup violations at the end of those stages might be difficult to fix during the post-placement implementation flow and could be the result of non-optimal XDC constraints or non-optimal design architecture
Related violations: <none>

TIMING-16#5 Warning
Large setup violation  
There is a large setup violation of -1.070 ns between design_1_i/fwheun_0/inst/fwheun_struct/subsystem1/addsub18/comp4.core_instance4/U0/xst_addsub/i_baseblox.i_baseblox_addsub/no_pipelining.the_addsub/i_lut6.i_lut6_addsub/i_q.i_simple.qreg/i_no_async_controls.output_reg[6]/C (clocked by clk_fpga_0) and design_1_i/fwheun_0/inst/fwheun_struct/subsystem1/cmult3/op_mem_71_20_reg[0][62]/D (clocked by clk_fpga_0). Large setup violations at the end of those stages might be difficult to fix during the post-placement implementation flow and could be the result of non-optimal XDC constraints or non-optimal design architecture
Related violations: <none>

TIMING-16#6 Warning
Large setup violation  
There is a large setup violation of -1.089 ns between design_1_i/fwheun_0/inst/fwheun_struct/fourwing_derivatives1/addsub4/comp3.core_instance3/U0/xst_addsub/i_baseblox.i_baseblox_addsub/no_pipelining.the_addsub/i_lut6.i_lut6_addsub/i_q.i_simple.qreg/i_no_async_controls.output_reg[2]/C (clocked by clk_fpga_0) and design_1_i/fwheun_0/inst/fwheun_struct/cmult3/comp0.core_instance0/U0/i_mult/gCCM.iCCM/use_ccm_core.ccm_core/b0g2.b1g4.exg1.exg[0].sa2/a1g[1].has_reg.o_tmp_reg[51]/D (clocked by clk_fpga_0). Large setup violations at the end of those stages might be difficult to fix during the post-placement implementation flow and could be the result of non-optimal XDC constraints or non-optimal design architecture
Related violations: <none>

TIMING-16#7 Warning
Large setup violation  
There is a large setup violation of -1.091 ns between design_1_i/fwheun_0/inst/fwheun_struct/subsystem1/addsub18/comp4.core_instance4/U0/xst_addsub/i_baseblox.i_baseblox_addsub/no_pipelining.the_addsub/i_lut6.i_lut6_addsub/i_q.i_simple.qreg/i_no_async_controls.output_reg[6]/C (clocked by clk_fpga_0) and design_1_i/fwheun_0/inst/fwheun_struct/subsystem1/cmult3/op_mem_71_20_reg[0][60]/D (clocked by clk_fpga_0). Large setup violations at the end of those stages might be difficult to fix during the post-placement implementation flow and could be the result of non-optimal XDC constraints or non-optimal design architecture
Related violations: <none>

TIMING-16#8 Warning
Large setup violation  
There is a large setup violation of -1.093 ns between design_1_i/fwheun_0/inst/fwheun_struct/subsystem1/addsub18/comp4.core_instance4/U0/xst_addsub/i_baseblox.i_baseblox_addsub/no_pipelining.the_addsub/i_lut6.i_lut6_addsub/i_q.i_simple.qreg/i_no_async_controls.output_reg[6]/C (clocked by clk_fpga_0) and design_1_i/fwheun_0/inst/fwheun_struct/subsystem1/cmult3/op_mem_71_20_reg[0][63]/D (clocked by clk_fpga_0). Large setup violations at the end of those stages might be difficult to fix during the post-placement implementation flow and could be the result of non-optimal XDC constraints or non-optimal design architecture
Related violations: <none>

TIMING-16#9 Warning
Large setup violation  
There is a large setup violation of -1.109 ns between design_1_i/fwheun_0/inst/fwheun_struct/subsystem1/addsub18/comp4.core_instance4/U0/xst_addsub/i_baseblox.i_baseblox_addsub/no_pipelining.the_addsub/i_lut6.i_lut6_addsub/i_q.i_simple.qreg/i_no_async_controls.output_reg[6]/C (clocked by clk_fpga_0) and design_1_i/fwheun_0/inst/fwheun_struct/subsystem1/cmult3/op_mem_71_20_reg[0][65]/D (clocked by clk_fpga_0). Large setup violations at the end of those stages might be difficult to fix during the post-placement implementation flow and could be the result of non-optimal XDC constraints or non-optimal design architecture
Related violations: <none>

TIMING-16#10 Warning
Large setup violation  
There is a large setup violation of -1.110 ns between design_1_i/fwheun_0/inst/fwheun_struct/fourwing_derivatives1/addsub4/comp3.core_instance3/U0/xst_addsub/i_baseblox.i_baseblox_addsub/no_pipelining.the_addsub/i_lut6.i_lut6_addsub/i_q.i_simple.qreg/i_no_async_controls.output_reg[2]/C (clocked by clk_fpga_0) and design_1_i/fwheun_0/inst/fwheun_struct/cmult3/comp0.core_instance0/U0/i_mult/gCCM.iCCM/use_ccm_core.ccm_core/b0g2.b1g4.exg1.exg[0].sa2/a1g[1].has_reg.o_tmp_reg[49]/D (clocked by clk_fpga_0). Large setup violations at the end of those stages might be difficult to fix during the post-placement implementation flow and could be the result of non-optimal XDC constraints or non-optimal design architecture
Related violations: <none>

TIMING-16#11 Warning
Large setup violation  
There is a large setup violation of -1.112 ns between design_1_i/fwheun_0/inst/fwheun_struct/fourwing_derivatives1/addsub4/comp3.core_instance3/U0/xst_addsub/i_baseblox.i_baseblox_addsub/no_pipelining.the_addsub/i_lut6.i_lut6_addsub/i_q.i_simple.qreg/i_no_async_controls.output_reg[2]/C (clocked by clk_fpga_0) and design_1_i/fwheun_0/inst/fwheun_struct/cmult3/comp0.core_instance0/U0/i_mult/gCCM.iCCM/use_ccm_core.ccm_core/b0g2.b1g4.exg1.exg[0].sa2/a1g[1].has_reg.o_tmp_reg[52]/D (clocked by clk_fpga_0). Large setup violations at the end of those stages might be difficult to fix during the post-placement implementation flow and could be the result of non-optimal XDC constraints or non-optimal design architecture
Related violations: <none>

TIMING-16#12 Warning
Large setup violation  
There is a large setup violation of -1.128 ns between design_1_i/fwheun_0/inst/fwheun_struct/fourwing_derivatives1/addsub4/comp3.core_instance3/U0/xst_addsub/i_baseblox.i_baseblox_addsub/no_pipelining.the_addsub/i_lut6.i_lut6_addsub/i_q.i_simple.qreg/i_no_async_controls.output_reg[2]/C (clocked by clk_fpga_0) and design_1_i/fwheun_0/inst/fwheun_struct/cmult3/comp0.core_instance0/U0/i_mult/gCCM.iCCM/use_ccm_core.ccm_core/b0g2.b1g4.exg1.exg[0].sa2/a1g[1].has_reg.o_tmp_reg[54]/D (clocked by clk_fpga_0). Large setup violations at the end of those stages might be difficult to fix during the post-placement implementation flow and could be the result of non-optimal XDC constraints or non-optimal design architecture
Related violations: <none>

TIMING-16#13 Warning
Large setup violation  
There is a large setup violation of -1.157 ns between design_1_i/fwheun_0/inst/fwheun_axi_lite_interface/inst/slv_reg_array_reg[2][18]/C (clocked by clk_fpga_0) and design_1_i/fwheun_0/inst/fwheun_struct/fourwing_derivatives1/cmult3/comp3.core_instance3/U0/i_mult/gCCM.iCCM/use_ccm_core.ccm_core/b0g2.b1g4.exg1.exg[0].sa2/a1g[1].has_reg.o_tmp_reg[29]/D (clocked by clk_fpga_0). Large setup violations at the end of those stages might be difficult to fix during the post-placement implementation flow and could be the result of non-optimal XDC constraints or non-optimal design architecture
Related violations: <none>

TIMING-16#14 Warning
Large setup violation  
There is a large setup violation of -1.183 ns between design_1_i/fwheun_0/inst/fwheun_struct/subsystem1/addsub18/comp4.core_instance4/U0/xst_addsub/i_baseblox.i_baseblox_addsub/no_pipelining.the_addsub/i_lut6.i_lut6_addsub/i_q.i_simple.qreg/i_no_async_controls.output_reg[6]/C (clocked by clk_fpga_0) and design_1_i/fwheun_0/inst/fwheun_struct/subsystem1/cmult3/op_mem_71_20_reg[0][66]/D (clocked by clk_fpga_0). Large setup violations at the end of those stages might be difficult to fix during the post-placement implementation flow and could be the result of non-optimal XDC constraints or non-optimal design architecture
Related violations: <none>

TIMING-16#15 Warning
Large setup violation  
There is a large setup violation of -1.204 ns between design_1_i/fwheun_0/inst/fwheun_struct/subsystem1/addsub18/comp4.core_instance4/U0/xst_addsub/i_baseblox.i_baseblox_addsub/no_pipelining.the_addsub/i_lut6.i_lut6_addsub/i_q.i_simple.qreg/i_no_async_controls.output_reg[6]/C (clocked by clk_fpga_0) and design_1_i/fwheun_0/inst/fwheun_struct/subsystem1/cmult3/op_mem_71_20_reg[0][64]/D (clocked by clk_fpga_0). Large setup violations at the end of those stages might be difficult to fix during the post-placement implementation flow and could be the result of non-optimal XDC constraints or non-optimal design architecture
Related violations: <none>

TIMING-16#16 Warning
Large setup violation  
There is a large setup violation of -1.205 ns between design_1_i/fwheun_0/inst/fwheun_struct/subsystem1/addsub18/comp4.core_instance4/U0/xst_addsub/i_baseblox.i_baseblox_addsub/no_pipelining.the_addsub/i_lut6.i_lut6_addsub/i_q.i_simple.qreg/i_no_async_controls.output_reg[6]/C (clocked by clk_fpga_0) and design_1_i/fwheun_0/inst/fwheun_struct/subsystem1/cmult3/op_mem_71_20_reg[0][67]/D (clocked by clk_fpga_0). Large setup violations at the end of those stages might be difficult to fix during the post-placement implementation flow and could be the result of non-optimal XDC constraints or non-optimal design architecture
Related violations: <none>

TIMING-16#17 Warning
Large setup violation  
There is a large setup violation of -1.221 ns between design_1_i/fwheun_0/inst/fwheun_struct/subsystem1/addsub18/comp4.core_instance4/U0/xst_addsub/i_baseblox.i_baseblox_addsub/no_pipelining.the_addsub/i_lut6.i_lut6_addsub/i_q.i_simple.qreg/i_no_async_controls.output_reg[6]/C (clocked by clk_fpga_0) and design_1_i/fwheun_0/inst/fwheun_struct/subsystem1/cmult3/op_mem_71_20_reg[0][69]/D (clocked by clk_fpga_0). Large setup violations at the end of those stages might be difficult to fix during the post-placement implementation flow and could be the result of non-optimal XDC constraints or non-optimal design architecture
Related violations: <none>

TIMING-16#18 Warning
Large setup violation  
There is a large setup violation of -1.223 ns between design_1_i/fwheun_0/inst/fwheun_struct/fourwing_derivatives1/addsub4/comp3.core_instance3/U0/xst_addsub/i_baseblox.i_baseblox_addsub/no_pipelining.the_addsub/i_lut6.i_lut6_addsub/i_q.i_simple.qreg/i_no_async_controls.output_reg[2]/C (clocked by clk_fpga_0) and design_1_i/fwheun_0/inst/fwheun_struct/cmult3/comp0.core_instance0/U0/i_mult/gCCM.iCCM/use_ccm_core.ccm_core/b0g2.b1g4.exg1.exg[0].sa2/a1g[1].has_reg.o_tmp_reg[53]/D (clocked by clk_fpga_0). Large setup violations at the end of those stages might be difficult to fix during the post-placement implementation flow and could be the result of non-optimal XDC constraints or non-optimal design architecture
Related violations: <none>

TIMING-16#19 Warning
Large setup violation  
There is a large setup violation of -1.295 ns between design_1_i/fwheun_0/inst/fwheun_struct/subsystem1/addsub18/comp4.core_instance4/U0/xst_addsub/i_baseblox.i_baseblox_addsub/no_pipelining.the_addsub/i_lut6.i_lut6_addsub/i_q.i_simple.qreg/i_no_async_controls.output_reg[6]/C (clocked by clk_fpga_0) and design_1_i/fwheun_0/inst/fwheun_struct/subsystem1/cmult3/op_mem_71_20_reg[0][70]/D (clocked by clk_fpga_0). Large setup violations at the end of those stages might be difficult to fix during the post-placement implementation flow and could be the result of non-optimal XDC constraints or non-optimal design architecture
Related violations: <none>

TIMING-16#20 Warning
Large setup violation  
There is a large setup violation of -1.316 ns between design_1_i/fwheun_0/inst/fwheun_struct/subsystem1/addsub18/comp4.core_instance4/U0/xst_addsub/i_baseblox.i_baseblox_addsub/no_pipelining.the_addsub/i_lut6.i_lut6_addsub/i_q.i_simple.qreg/i_no_async_controls.output_reg[6]/C (clocked by clk_fpga_0) and design_1_i/fwheun_0/inst/fwheun_struct/subsystem1/cmult3/op_mem_71_20_reg[0][68]/D (clocked by clk_fpga_0). Large setup violations at the end of those stages might be difficult to fix during the post-placement implementation flow and could be the result of non-optimal XDC constraints or non-optimal design architecture
Related violations: <none>

TIMING-16#21 Warning
Large setup violation  
There is a large setup violation of -1.318 ns between design_1_i/fwheun_0/inst/fwheun_struct/subsystem1/addsub18/comp4.core_instance4/U0/xst_addsub/i_baseblox.i_baseblox_addsub/no_pipelining.the_addsub/i_lut6.i_lut6_addsub/i_q.i_simple.qreg/i_no_async_controls.output_reg[6]/C (clocked by clk_fpga_0) and design_1_i/fwheun_0/inst/fwheun_struct/subsystem1/cmult3/op_mem_71_20_reg[0][71]/D (clocked by clk_fpga_0). Large setup violations at the end of those stages might be difficult to fix during the post-placement implementation flow and could be the result of non-optimal XDC constraints or non-optimal design architecture
Related violations: <none>

TIMING-16#22 Warning
Large setup violation  
There is a large setup violation of -1.334 ns between design_1_i/fwheun_0/inst/fwheun_struct/subsystem1/addsub18/comp4.core_instance4/U0/xst_addsub/i_baseblox.i_baseblox_addsub/no_pipelining.the_addsub/i_lut6.i_lut6_addsub/i_q.i_simple.qreg/i_no_async_controls.output_reg[6]/C (clocked by clk_fpga_0) and design_1_i/fwheun_0/inst/fwheun_struct/subsystem1/cmult3/op_mem_71_20_reg[0][73]/D (clocked by clk_fpga_0). Large setup violations at the end of those stages might be difficult to fix during the post-placement implementation flow and could be the result of non-optimal XDC constraints or non-optimal design architecture
Related violations: <none>

TIMING-16#23 Warning
Large setup violation  
There is a large setup violation of -1.408 ns between design_1_i/fwheun_0/inst/fwheun_struct/subsystem1/addsub18/comp4.core_instance4/U0/xst_addsub/i_baseblox.i_baseblox_addsub/no_pipelining.the_addsub/i_lut6.i_lut6_addsub/i_q.i_simple.qreg/i_no_async_controls.output_reg[6]/C (clocked by clk_fpga_0) and design_1_i/fwheun_0/inst/fwheun_struct/subsystem1/cmult3/op_mem_71_20_reg[0][74]/D (clocked by clk_fpga_0). Large setup violations at the end of those stages might be difficult to fix during the post-placement implementation flow and could be the result of non-optimal XDC constraints or non-optimal design architecture
Related violations: <none>

TIMING-16#24 Warning
Large setup violation  
There is a large setup violation of -1.429 ns between design_1_i/fwheun_0/inst/fwheun_struct/subsystem1/addsub18/comp4.core_instance4/U0/xst_addsub/i_baseblox.i_baseblox_addsub/no_pipelining.the_addsub/i_lut6.i_lut6_addsub/i_q.i_simple.qreg/i_no_async_controls.output_reg[6]/C (clocked by clk_fpga_0) and design_1_i/fwheun_0/inst/fwheun_struct/subsystem1/cmult3/op_mem_71_20_reg[0][72]/D (clocked by clk_fpga_0). Large setup violations at the end of those stages might be difficult to fix during the post-placement implementation flow and could be the result of non-optimal XDC constraints or non-optimal design architecture
Related violations: <none>

TIMING-16#25 Warning
Large setup violation  
There is a large setup violation of -1.431 ns between design_1_i/fwheun_0/inst/fwheun_struct/subsystem1/addsub18/comp4.core_instance4/U0/xst_addsub/i_baseblox.i_baseblox_addsub/no_pipelining.the_addsub/i_lut6.i_lut6_addsub/i_q.i_simple.qreg/i_no_async_controls.output_reg[6]/C (clocked by clk_fpga_0) and design_1_i/fwheun_0/inst/fwheun_struct/subsystem1/cmult3/op_mem_71_20_reg[0][75]/D (clocked by clk_fpga_0). Large setup violations at the end of those stages might be difficult to fix during the post-placement implementation flow and could be the result of non-optimal XDC constraints or non-optimal design architecture
Related violations: <none>

TIMING-16#26 Warning
Large setup violation  
There is a large setup violation of -1.447 ns between design_1_i/fwheun_0/inst/fwheun_struct/subsystem1/addsub18/comp4.core_instance4/U0/xst_addsub/i_baseblox.i_baseblox_addsub/no_pipelining.the_addsub/i_lut6.i_lut6_addsub/i_q.i_simple.qreg/i_no_async_controls.output_reg[6]/C (clocked by clk_fpga_0) and design_1_i/fwheun_0/inst/fwheun_struct/subsystem1/cmult3/op_mem_71_20_reg[0][77]/D (clocked by clk_fpga_0). Large setup violations at the end of those stages might be difficult to fix during the post-placement implementation flow and could be the result of non-optimal XDC constraints or non-optimal design architecture
Related violations: <none>

TIMING-16#27 Warning
Large setup violation  
There is a large setup violation of -1.521 ns between design_1_i/fwheun_0/inst/fwheun_struct/subsystem1/addsub18/comp4.core_instance4/U0/xst_addsub/i_baseblox.i_baseblox_addsub/no_pipelining.the_addsub/i_lut6.i_lut6_addsub/i_q.i_simple.qreg/i_no_async_controls.output_reg[6]/C (clocked by clk_fpga_0) and design_1_i/fwheun_0/inst/fwheun_struct/subsystem1/cmult3/op_mem_71_20_reg[0][78]/D (clocked by clk_fpga_0). Large setup violations at the end of those stages might be difficult to fix during the post-placement implementation flow and could be the result of non-optimal XDC constraints or non-optimal design architecture
Related violations: <none>

TIMING-16#28 Warning
Large setup violation  
There is a large setup violation of -1.542 ns between design_1_i/fwheun_0/inst/fwheun_struct/subsystem1/addsub18/comp4.core_instance4/U0/xst_addsub/i_baseblox.i_baseblox_addsub/no_pipelining.the_addsub/i_lut6.i_lut6_addsub/i_q.i_simple.qreg/i_no_async_controls.output_reg[6]/C (clocked by clk_fpga_0) and design_1_i/fwheun_0/inst/fwheun_struct/subsystem1/cmult3/op_mem_71_20_reg[0][76]/D (clocked by clk_fpga_0). Large setup violations at the end of those stages might be difficult to fix during the post-placement implementation flow and could be the result of non-optimal XDC constraints or non-optimal design architecture
Related violations: <none>

TIMING-16#29 Warning
Large setup violation  
There is a large setup violation of -1.544 ns between design_1_i/fwheun_0/inst/fwheun_struct/subsystem1/addsub18/comp4.core_instance4/U0/xst_addsub/i_baseblox.i_baseblox_addsub/no_pipelining.the_addsub/i_lut6.i_lut6_addsub/i_q.i_simple.qreg/i_no_async_controls.output_reg[6]/C (clocked by clk_fpga_0) and design_1_i/fwheun_0/inst/fwheun_struct/subsystem1/cmult3/op_mem_71_20_reg[0][79]/D (clocked by clk_fpga_0). Large setup violations at the end of those stages might be difficult to fix during the post-placement implementation flow and could be the result of non-optimal XDC constraints or non-optimal design architecture
Related violations: <none>

TIMING-16#30 Warning
Large setup violation  
There is a large setup violation of -3.525 ns between design_1_i/fwheun_0/inst/fwheun_struct/cmult2/mult_52_58__2/CLK (clocked by clk_fpga_0) and design_1_i/fwheun_0/inst/fwheun_struct/cmult2/op_mem_71_20_reg[0][10]/D (clocked by clk_fpga_0). Large setup violations at the end of those stages might be difficult to fix during the post-placement implementation flow and could be the result of non-optimal XDC constraints or non-optimal design architecture
Related violations: <none>

TIMING-16#31 Warning
Large setup violation  
There is a large setup violation of -3.531 ns between design_1_i/fwheun_0/inst/fwheun_struct/cmult2/mult_52_58__2/CLK (clocked by clk_fpga_0) and design_1_i/fwheun_0/inst/fwheun_struct/cmult2/op_mem_71_20_reg[0][11]/D (clocked by clk_fpga_0). Large setup violations at the end of those stages might be difficult to fix during the post-placement implementation flow and could be the result of non-optimal XDC constraints or non-optimal design architecture
Related violations: <none>

TIMING-16#32 Warning
Large setup violation  
There is a large setup violation of -3.535 ns between design_1_i/fwheun_0/inst/fwheun_struct/cmult2/mult_52_58__2/CLK (clocked by clk_fpga_0) and design_1_i/fwheun_0/inst/fwheun_struct/cmult2/op_mem_71_20_reg[0][18]/D (clocked by clk_fpga_0). Large setup violations at the end of those stages might be difficult to fix during the post-placement implementation flow and could be the result of non-optimal XDC constraints or non-optimal design architecture
Related violations: <none>

TIMING-16#33 Warning
Large setup violation  
There is a large setup violation of -3.551 ns between design_1_i/fwheun_0/inst/fwheun_struct/cmult1/mult_52_58__8/CLK (clocked by clk_fpga_0) and design_1_i/fwheun_0/inst/fwheun_struct/cmult1/op_mem_71_20_reg[0][14]/D (clocked by clk_fpga_0). Large setup violations at the end of those stages might be difficult to fix during the post-placement implementation flow and could be the result of non-optimal XDC constraints or non-optimal design architecture
Related violations: <none>

TIMING-16#34 Warning
Large setup violation  
There is a large setup violation of -3.551 ns between design_1_i/fwheun_0/inst/fwheun_struct/cmult1/mult_52_58__8/CLK (clocked by clk_fpga_0) and design_1_i/fwheun_0/inst/fwheun_struct/cmult1/op_mem_71_20_reg[0][9]/D (clocked by clk_fpga_0). Large setup violations at the end of those stages might be difficult to fix during the post-placement implementation flow and could be the result of non-optimal XDC constraints or non-optimal design architecture
Related violations: <none>

TIMING-16#35 Warning
Large setup violation  
There is a large setup violation of -3.554 ns between design_1_i/fwheun_0/inst/fwheun_struct/cmult2/mult_52_58__2/CLK (clocked by clk_fpga_0) and design_1_i/fwheun_0/inst/fwheun_struct/cmult2/op_mem_71_20_reg[0][12]/D (clocked by clk_fpga_0). Large setup violations at the end of those stages might be difficult to fix during the post-placement implementation flow and could be the result of non-optimal XDC constraints or non-optimal design architecture
Related violations: <none>

TIMING-16#36 Warning
Large setup violation  
There is a large setup violation of -3.556 ns between design_1_i/fwheun_0/inst/fwheun_struct/cmult1/mult_52_58__8/CLK (clocked by clk_fpga_0) and design_1_i/fwheun_0/inst/fwheun_struct/cmult1/op_mem_71_20_reg[0][2]/D (clocked by clk_fpga_0). Large setup violations at the end of those stages might be difficult to fix during the post-placement implementation flow and could be the result of non-optimal XDC constraints or non-optimal design architecture
Related violations: <none>

TIMING-16#37 Warning
Large setup violation  
There is a large setup violation of -3.562 ns between design_1_i/fwheun_0/inst/fwheun_struct/cmult1/mult_52_58__8/CLK (clocked by clk_fpga_0) and design_1_i/fwheun_0/inst/fwheun_struct/cmult1/op_mem_71_20_reg[0][24]/D (clocked by clk_fpga_0). Large setup violations at the end of those stages might be difficult to fix during the post-placement implementation flow and could be the result of non-optimal XDC constraints or non-optimal design architecture
Related violations: <none>

TIMING-16#38 Warning
Large setup violation  
There is a large setup violation of -3.581 ns between design_1_i/fwheun_0/inst/fwheun_struct/cmult2/mult_52_58__2/CLK (clocked by clk_fpga_0) and design_1_i/fwheun_0/inst/fwheun_struct/cmult2/op_mem_71_20_reg[0][2]/D (clocked by clk_fpga_0). Large setup violations at the end of those stages might be difficult to fix during the post-placement implementation flow and could be the result of non-optimal XDC constraints or non-optimal design architecture
Related violations: <none>

TIMING-16#39 Warning
Large setup violation  
There is a large setup violation of -3.583 ns between design_1_i/fwheun_0/inst/fwheun_struct/cmult2/mult_52_58__2/CLK (clocked by clk_fpga_0) and design_1_i/fwheun_0/inst/fwheun_struct/cmult2/op_mem_71_20_reg[0][3]/D (clocked by clk_fpga_0). Large setup violations at the end of those stages might be difficult to fix during the post-placement implementation flow and could be the result of non-optimal XDC constraints or non-optimal design architecture
Related violations: <none>

TIMING-16#40 Warning
Large setup violation  
There is a large setup violation of -3.608 ns between design_1_i/fwheun_0/inst/fwheun_struct/cmult2/mult_52_58__2/CLK (clocked by clk_fpga_0) and design_1_i/fwheun_0/inst/fwheun_struct/cmult2/op_mem_71_20_reg[0][4]/D (clocked by clk_fpga_0). Large setup violations at the end of those stages might be difficult to fix during the post-placement implementation flow and could be the result of non-optimal XDC constraints or non-optimal design architecture
Related violations: <none>

TIMING-16#41 Warning
Large setup violation  
There is a large setup violation of -3.658 ns between design_1_i/fwheun_0/inst/fwheun_struct/cmult2/mult_52_58__2/CLK (clocked by clk_fpga_0) and design_1_i/fwheun_0/inst/fwheun_struct/cmult2/op_mem_71_20_reg[0][30]/D (clocked by clk_fpga_0). Large setup violations at the end of those stages might be difficult to fix during the post-placement implementation flow and could be the result of non-optimal XDC constraints or non-optimal design architecture
Related violations: <none>

TIMING-16#42 Warning
Large setup violation  
There is a large setup violation of -3.664 ns between design_1_i/fwheun_0/inst/fwheun_struct/cmult1/mult_52_58__8/CLK (clocked by clk_fpga_0) and design_1_i/fwheun_0/inst/fwheun_struct/cmult1/op_mem_71_20_reg[0][15]/D (clocked by clk_fpga_0). Large setup violations at the end of those stages might be difficult to fix during the post-placement implementation flow and could be the result of non-optimal XDC constraints or non-optimal design architecture
Related violations: <none>

TIMING-16#43 Warning
Large setup violation  
There is a large setup violation of -3.682 ns between design_1_i/fwheun_0/inst/fwheun_struct/cmult2/mult_52_58__2/CLK (clocked by clk_fpga_0) and design_1_i/fwheun_0/inst/fwheun_struct/cmult2/op_mem_71_20_reg[0][5]/D (clocked by clk_fpga_0). Large setup violations at the end of those stages might be difficult to fix during the post-placement implementation flow and could be the result of non-optimal XDC constraints or non-optimal design architecture
Related violations: <none>

TIMING-16#44 Warning
Large setup violation  
There is a large setup violation of -3.686 ns between design_1_i/fwheun_0/inst/fwheun_struct/cmult1/mult_52_58__8/CLK (clocked by clk_fpga_0) and design_1_i/fwheun_0/inst/fwheun_struct/cmult1/op_mem_71_20_reg[0][28]/D (clocked by clk_fpga_0). Large setup violations at the end of those stages might be difficult to fix during the post-placement implementation flow and could be the result of non-optimal XDC constraints or non-optimal design architecture
Related violations: <none>

TIMING-16#45 Warning
Large setup violation  
There is a large setup violation of -3.697 ns between design_1_i/fwheun_0/inst/fwheun_struct/cmult1/mult_52_58__8/CLK (clocked by clk_fpga_0) and design_1_i/fwheun_0/inst/fwheun_struct/cmult1/op_mem_71_20_reg[0][25]/D (clocked by clk_fpga_0). Large setup violations at the end of those stages might be difficult to fix during the post-placement implementation flow and could be the result of non-optimal XDC constraints or non-optimal design architecture
Related violations: <none>

TIMING-16#46 Warning
Large setup violation  
There is a large setup violation of -3.703 ns between design_1_i/fwheun_0/inst/fwheun_struct/cmult1/mult_52_58__8/CLK (clocked by clk_fpga_0) and design_1_i/fwheun_0/inst/fwheun_struct/cmult1/op_mem_71_20_reg[0][29]/D (clocked by clk_fpga_0). Large setup violations at the end of those stages might be difficult to fix during the post-placement implementation flow and could be the result of non-optimal XDC constraints or non-optimal design architecture
Related violations: <none>

TIMING-16#47 Warning
Large setup violation  
There is a large setup violation of -3.704 ns between design_1_i/fwheun_0/inst/fwheun_struct/cmult1/mult_52_58__8/CLK (clocked by clk_fpga_0) and design_1_i/fwheun_0/inst/fwheun_struct/cmult1/op_mem_71_20_reg[0][6]/D (clocked by clk_fpga_0). Large setup violations at the end of those stages might be difficult to fix during the post-placement implementation flow and could be the result of non-optimal XDC constraints or non-optimal design architecture
Related violations: <none>

TIMING-16#48 Warning
Large setup violation  
There is a large setup violation of -3.716 ns between design_1_i/fwheun_0/inst/fwheun_struct/cmult1/mult_52_58__8/CLK (clocked by clk_fpga_0) and design_1_i/fwheun_0/inst/fwheun_struct/cmult1/op_mem_71_20_reg[0][16]/D (clocked by clk_fpga_0). Large setup violations at the end of those stages might be difficult to fix during the post-placement implementation flow and could be the result of non-optimal XDC constraints or non-optimal design architecture
Related violations: <none>

TIMING-16#49 Warning
Large setup violation  
There is a large setup violation of -3.716 ns between design_1_i/fwheun_0/inst/fwheun_struct/cmult1/mult_52_58__8/CLK (clocked by clk_fpga_0) and design_1_i/fwheun_0/inst/fwheun_struct/cmult1/op_mem_71_20_reg[0][19]/D (clocked by clk_fpga_0). Large setup violations at the end of those stages might be difficult to fix during the post-placement implementation flow and could be the result of non-optimal XDC constraints or non-optimal design architecture
Related violations: <none>

TIMING-16#50 Warning
Large setup violation  
There is a large setup violation of -3.716 ns between design_1_i/fwheun_0/inst/fwheun_struct/cmult2/mult_52_58__2/CLK (clocked by clk_fpga_0) and design_1_i/fwheun_0/inst/fwheun_struct/cmult2/op_mem_71_20_reg[0][27]/D (clocked by clk_fpga_0). Large setup violations at the end of those stages might be difficult to fix during the post-placement implementation flow and could be the result of non-optimal XDC constraints or non-optimal design architecture
Related violations: <none>

TIMING-16#51 Warning
Large setup violation  
There is a large setup violation of -3.718 ns between design_1_i/fwheun_0/inst/fwheun_struct/cmult2/mult_52_58__2/CLK (clocked by clk_fpga_0) and design_1_i/fwheun_0/inst/fwheun_struct/cmult2/op_mem_71_20_reg[0][25]/D (clocked by clk_fpga_0). Large setup violations at the end of those stages might be difficult to fix during the post-placement implementation flow and could be the result of non-optimal XDC constraints or non-optimal design architecture
Related violations: <none>

TIMING-16#52 Warning
Large setup violation  
There is a large setup violation of -3.726 ns between design_1_i/fwheun_0/inst/fwheun_struct/cmult2/mult_52_58__2/CLK (clocked by clk_fpga_0) and design_1_i/fwheun_0/inst/fwheun_struct/cmult2/op_mem_71_20_reg[0][8]/D (clocked by clk_fpga_0). Large setup violations at the end of those stages might be difficult to fix during the post-placement implementation flow and could be the result of non-optimal XDC constraints or non-optimal design architecture
Related violations: <none>

TIMING-16#53 Warning
Large setup violation  
There is a large setup violation of -3.745 ns between design_1_i/fwheun_0/inst/fwheun_struct/cmult1/mult_52_58__8/CLK (clocked by clk_fpga_0) and design_1_i/fwheun_0/inst/fwheun_struct/cmult1/op_mem_71_20_reg[0][23]/D (clocked by clk_fpga_0). Large setup violations at the end of those stages might be difficult to fix during the post-placement implementation flow and could be the result of non-optimal XDC constraints or non-optimal design architecture
Related violations: <none>

TIMING-16#54 Warning
Large setup violation  
There is a large setup violation of -3.747 ns between design_1_i/fwheun_0/inst/fwheun_struct/cmult2/mult_52_58__2/CLK (clocked by clk_fpga_0) and design_1_i/fwheun_0/inst/fwheun_struct/cmult2/op_mem_71_20_reg[0][9]/D (clocked by clk_fpga_0). Large setup violations at the end of those stages might be difficult to fix during the post-placement implementation flow and could be the result of non-optimal XDC constraints or non-optimal design architecture
Related violations: <none>

TIMING-16#55 Warning
Large setup violation  
There is a large setup violation of -3.751 ns between design_1_i/fwheun_0/inst/fwheun_struct/cmult1/mult_52_58__8/CLK (clocked by clk_fpga_0) and design_1_i/fwheun_0/inst/fwheun_struct/cmult1/op_mem_71_20_reg[0][22]/D (clocked by clk_fpga_0). Large setup violations at the end of those stages might be difficult to fix during the post-placement implementation flow and could be the result of non-optimal XDC constraints or non-optimal design architecture
Related violations: <none>

TIMING-16#56 Warning
Large setup violation  
There is a large setup violation of -3.756 ns between design_1_i/fwheun_0/inst/fwheun_struct/cmult2/mult_52_58__2/CLK (clocked by clk_fpga_0) and design_1_i/fwheun_0/inst/fwheun_struct/cmult2/op_mem_71_20_reg[0][7]/D (clocked by clk_fpga_0). Large setup violations at the end of those stages might be difficult to fix during the post-placement implementation flow and could be the result of non-optimal XDC constraints or non-optimal design architecture
Related violations: <none>

TIMING-16#57 Warning
Large setup violation  
There is a large setup violation of -3.771 ns between design_1_i/fwheun_0/inst/fwheun_struct/cmult1/mult_52_58__8/CLK (clocked by clk_fpga_0) and design_1_i/fwheun_0/inst/fwheun_struct/cmult1/op_mem_71_20_reg[0][26]/D (clocked by clk_fpga_0). Large setup violations at the end of those stages might be difficult to fix during the post-placement implementation flow and could be the result of non-optimal XDC constraints or non-optimal design architecture
Related violations: <none>

TIMING-16#58 Warning
Large setup violation  
There is a large setup violation of -3.774 ns between design_1_i/fwheun_0/inst/fwheun_struct/cmult1/mult_52_58__8/CLK (clocked by clk_fpga_0) and design_1_i/fwheun_0/inst/fwheun_struct/cmult1/op_mem_71_20_reg[0][27]/D (clocked by clk_fpga_0). Large setup violations at the end of those stages might be difficult to fix during the post-placement implementation flow and could be the result of non-optimal XDC constraints or non-optimal design architecture
Related violations: <none>

TIMING-16#59 Warning
Large setup violation  
There is a large setup violation of -3.779 ns between design_1_i/fwheun_0/inst/fwheun_struct/cmult2/mult_52_58__2/CLK (clocked by clk_fpga_0) and design_1_i/fwheun_0/inst/fwheun_struct/cmult2/op_mem_71_20_reg[0][15]/D (clocked by clk_fpga_0). Large setup violations at the end of those stages might be difficult to fix during the post-placement implementation flow and could be the result of non-optimal XDC constraints or non-optimal design architecture
Related violations: <none>

TIMING-16#60 Warning
Large setup violation  
There is a large setup violation of -3.797 ns between design_1_i/fwheun_0/inst/fwheun_struct/cmult1/mult_52_58__8/CLK (clocked by clk_fpga_0) and design_1_i/fwheun_0/inst/fwheun_struct/cmult1/op_mem_71_20_reg[0][31]/D (clocked by clk_fpga_0). Large setup violations at the end of those stages might be difficult to fix during the post-placement implementation flow and could be the result of non-optimal XDC constraints or non-optimal design architecture
Related violations: <none>

TIMING-16#61 Warning
Large setup violation  
There is a large setup violation of -3.817 ns between design_1_i/fwheun_0/inst/fwheun_struct/cmult1/mult_52_58__8/CLK (clocked by clk_fpga_0) and design_1_i/fwheun_0/inst/fwheun_struct/cmult1/op_mem_71_20_reg[0][17]/D (clocked by clk_fpga_0). Large setup violations at the end of those stages might be difficult to fix during the post-placement implementation flow and could be the result of non-optimal XDC constraints or non-optimal design architecture
Related violations: <none>

TIMING-16#62 Warning
Large setup violation  
There is a large setup violation of -3.821 ns between design_1_i/fwheun_0/inst/fwheun_struct/cmult1/mult_52_58__8/CLK (clocked by clk_fpga_0) and design_1_i/fwheun_0/inst/fwheun_struct/cmult1/op_mem_71_20_reg[0][20]/D (clocked by clk_fpga_0). Large setup violations at the end of those stages might be difficult to fix during the post-placement implementation flow and could be the result of non-optimal XDC constraints or non-optimal design architecture
Related violations: <none>

TIMING-16#63 Warning
Large setup violation  
There is a large setup violation of -3.827 ns between design_1_i/fwheun_0/inst/fwheun_struct/cmult1/mult_52_58__8/CLK (clocked by clk_fpga_0) and design_1_i/fwheun_0/inst/fwheun_struct/cmult1/op_mem_71_20_reg[0][1]/D (clocked by clk_fpga_0). Large setup violations at the end of those stages might be difficult to fix during the post-placement implementation flow and could be the result of non-optimal XDC constraints or non-optimal design architecture
Related violations: <none>

TIMING-16#64 Warning
Large setup violation  
There is a large setup violation of -3.843 ns between design_1_i/fwheun_0/inst/fwheun_struct/cmult2/mult_52_58__2/CLK (clocked by clk_fpga_0) and design_1_i/fwheun_0/inst/fwheun_struct/cmult2/op_mem_71_20_reg[0][23]/D (clocked by clk_fpga_0). Large setup violations at the end of those stages might be difficult to fix during the post-placement implementation flow and could be the result of non-optimal XDC constraints or non-optimal design architecture
Related violations: <none>

TIMING-16#65 Warning
Large setup violation  
There is a large setup violation of -3.860 ns between design_1_i/fwheun_0/inst/fwheun_struct/cmult2/mult_52_58__2/CLK (clocked by clk_fpga_0) and design_1_i/fwheun_0/inst/fwheun_struct/cmult2/op_mem_71_20_reg[0][0]/D (clocked by clk_fpga_0). Large setup violations at the end of those stages might be difficult to fix during the post-placement implementation flow and could be the result of non-optimal XDC constraints or non-optimal design architecture
Related violations: <none>

TIMING-16#66 Warning
Large setup violation  
There is a large setup violation of -3.863 ns between design_1_i/fwheun_0/inst/fwheun_struct/cmult2/mult_52_58__2/CLK (clocked by clk_fpga_0) and design_1_i/fwheun_0/inst/fwheun_struct/cmult2/op_mem_71_20_reg[0][20]/D (clocked by clk_fpga_0). Large setup violations at the end of those stages might be difficult to fix during the post-placement implementation flow and could be the result of non-optimal XDC constraints or non-optimal design architecture
Related violations: <none>

TIMING-16#67 Warning
Large setup violation  
There is a large setup violation of -3.883 ns between design_1_i/fwheun_0/inst/fwheun_struct/cmult2/mult_52_58__2/CLK (clocked by clk_fpga_0) and design_1_i/fwheun_0/inst/fwheun_struct/cmult2/op_mem_71_20_reg[0][28]/D (clocked by clk_fpga_0). Large setup violations at the end of those stages might be difficult to fix during the post-placement implementation flow and could be the result of non-optimal XDC constraints or non-optimal design architecture
Related violations: <none>

TIMING-16#68 Warning
Large setup violation  
There is a large setup violation of -3.893 ns between design_1_i/fwheun_0/inst/fwheun_struct/cmult1/mult_52_58__8/CLK (clocked by clk_fpga_0) and design_1_i/fwheun_0/inst/fwheun_struct/cmult1/op_mem_71_20_reg[0][21]/D (clocked by clk_fpga_0). Large setup violations at the end of those stages might be difficult to fix during the post-placement implementation flow and could be the result of non-optimal XDC constraints or non-optimal design architecture
Related violations: <none>

TIMING-16#69 Warning
Large setup violation  
There is a large setup violation of -3.897 ns between design_1_i/fwheun_0/inst/fwheun_struct/cmult2/mult_52_58__2/CLK (clocked by clk_fpga_0) and design_1_i/fwheun_0/inst/fwheun_struct/cmult2/op_mem_71_20_reg[0][26]/D (clocked by clk_fpga_0). Large setup violations at the end of those stages might be difficult to fix during the post-placement implementation flow and could be the result of non-optimal XDC constraints or non-optimal design architecture
Related violations: <none>

TIMING-16#70 Warning
Large setup violation  
There is a large setup violation of -3.963 ns between design_1_i/fwheun_0/inst/fwheun_struct/cmult1/mult_52_58__8/CLK (clocked by clk_fpga_0) and design_1_i/fwheun_0/inst/fwheun_struct/cmult1/op_mem_71_20_reg[0][5]/D (clocked by clk_fpga_0). Large setup violations at the end of those stages might be difficult to fix during the post-placement implementation flow and could be the result of non-optimal XDC constraints or non-optimal design architecture
Related violations: <none>

TIMING-16#71 Warning
Large setup violation  
There is a large setup violation of -3.976 ns between design_1_i/fwheun_0/inst/fwheun_struct/cmult2/mult_52_58__2/CLK (clocked by clk_fpga_0) and design_1_i/fwheun_0/inst/fwheun_struct/cmult2/op_mem_71_20_reg[0][6]/D (clocked by clk_fpga_0). Large setup violations at the end of those stages might be difficult to fix during the post-placement implementation flow and could be the result of non-optimal XDC constraints or non-optimal design architecture
Related violations: <none>

TIMING-16#72 Warning
Large setup violation  
There is a large setup violation of -4.009 ns between design_1_i/fwheun_0/inst/fwheun_struct/cmult2/mult_52_58__2/CLK (clocked by clk_fpga_0) and design_1_i/fwheun_0/inst/fwheun_struct/cmult2/op_mem_71_20_reg[0][24]/D (clocked by clk_fpga_0). Large setup violations at the end of those stages might be difficult to fix during the post-placement implementation flow and could be the result of non-optimal XDC constraints or non-optimal design architecture
Related violations: <none>

TIMING-16#73 Warning
Large setup violation  
There is a large setup violation of -4.011 ns between design_1_i/fwheun_0/inst/fwheun_struct/cmult1/mult_52_58__8/CLK (clocked by clk_fpga_0) and design_1_i/fwheun_0/inst/fwheun_struct/cmult1/op_mem_71_20_reg[0][30]/D (clocked by clk_fpga_0). Large setup violations at the end of those stages might be difficult to fix during the post-placement implementation flow and could be the result of non-optimal XDC constraints or non-optimal design architecture
Related violations: <none>

TIMING-16#74 Warning
Large setup violation  
There is a large setup violation of -4.030 ns between design_1_i/fwheun_0/inst/fwheun_struct/cmult1/mult_52_58__8/CLK (clocked by clk_fpga_0) and design_1_i/fwheun_0/inst/fwheun_struct/cmult1/op_mem_71_20_reg[0][3]/D (clocked by clk_fpga_0). Large setup violations at the end of those stages might be difficult to fix during the post-placement implementation flow and could be the result of non-optimal XDC constraints or non-optimal design architecture
Related violations: <none>

TIMING-16#75 Warning
Large setup violation  
There is a large setup violation of -4.032 ns between design_1_i/fwheun_0/inst/fwheun_struct/cmult2/mult_52_58__2/CLK (clocked by clk_fpga_0) and design_1_i/fwheun_0/inst/fwheun_struct/cmult2/op_mem_71_20_reg[0][31]/D (clocked by clk_fpga_0). Large setup violations at the end of those stages might be difficult to fix during the post-placement implementation flow and could be the result of non-optimal XDC constraints or non-optimal design architecture
Related violations: <none>

TIMING-16#76 Warning
Large setup violation  
There is a large setup violation of -4.050 ns between design_1_i/fwheun_0/inst/fwheun_struct/cmult2/mult_52_58__2/CLK (clocked by clk_fpga_0) and design_1_i/fwheun_0/inst/fwheun_struct/cmult2/op_mem_71_20_reg[0][21]/D (clocked by clk_fpga_0). Large setup violations at the end of those stages might be difficult to fix during the post-placement implementation flow and could be the result of non-optimal XDC constraints or non-optimal design architecture
Related violations: <none>

TIMING-16#77 Warning
Large setup violation  
There is a large setup violation of -4.097 ns between design_1_i/fwheun_0/inst/fwheun_struct/cmult1/mult_52_58__8/CLK (clocked by clk_fpga_0) and design_1_i/fwheun_0/inst/fwheun_struct/cmult1/op_mem_71_20_reg[0][13]/D (clocked by clk_fpga_0). Large setup violations at the end of those stages might be difficult to fix during the post-placement implementation flow and could be the result of non-optimal XDC constraints or non-optimal design architecture
Related violations: <none>

TIMING-16#78 Warning
Large setup violation  
There is a large setup violation of -4.099 ns between design_1_i/fwheun_0/inst/fwheun_struct/cmult1/mult_52_58__8/CLK (clocked by clk_fpga_0) and design_1_i/fwheun_0/inst/fwheun_struct/cmult1/op_mem_71_20_reg[0][11]/D (clocked by clk_fpga_0). Large setup violations at the end of those stages might be difficult to fix during the post-placement implementation flow and could be the result of non-optimal XDC constraints or non-optimal design architecture
Related violations: <none>

TIMING-16#79 Warning
Large setup violation  
There is a large setup violation of -4.118 ns between design_1_i/fwheun_0/inst/fwheun_struct/cmult2/mult_52_58__2/CLK (clocked by clk_fpga_0) and design_1_i/fwheun_0/inst/fwheun_struct/cmult2/op_mem_71_20_reg[0][1]/D (clocked by clk_fpga_0). Large setup violations at the end of those stages might be difficult to fix during the post-placement implementation flow and could be the result of non-optimal XDC constraints or non-optimal design architecture
Related violations: <none>

TIMING-16#80 Warning
Large setup violation  
There is a large setup violation of -4.133 ns between design_1_i/fwheun_0/inst/fwheun_struct/cmult1/mult_52_58__8/CLK (clocked by clk_fpga_0) and design_1_i/fwheun_0/inst/fwheun_struct/cmult1/op_mem_71_20_reg[0][18]/D (clocked by clk_fpga_0). Large setup violations at the end of those stages might be difficult to fix during the post-placement implementation flow and could be the result of non-optimal XDC constraints or non-optimal design architecture
Related violations: <none>

TIMING-16#81 Warning
Large setup violation  
There is a large setup violation of -4.142 ns between design_1_i/fwheun_0/inst/fwheun_struct/cmult2/mult_52_58__2/CLK (clocked by clk_fpga_0) and design_1_i/fwheun_0/inst/fwheun_struct/cmult2/op_mem_71_20_reg[0][17]/D (clocked by clk_fpga_0). Large setup violations at the end of those stages might be difficult to fix during the post-placement implementation flow and could be the result of non-optimal XDC constraints or non-optimal design architecture
Related violations: <none>

TIMING-16#82 Warning
Large setup violation  
There is a large setup violation of -4.170 ns between design_1_i/fwheun_0/inst/fwheun_struct/cmult2/mult_52_58__2/CLK (clocked by clk_fpga_0) and design_1_i/fwheun_0/inst/fwheun_struct/cmult2/op_mem_71_20_reg[0][13]/D (clocked by clk_fpga_0). Large setup violations at the end of those stages might be difficult to fix during the post-placement implementation flow and could be the result of non-optimal XDC constraints or non-optimal design architecture
Related violations: <none>

TIMING-16#83 Warning
Large setup violation  
There is a large setup violation of -4.178 ns between design_1_i/fwheun_0/inst/fwheun_struct/cmult2/mult_52_58__2/CLK (clocked by clk_fpga_0) and design_1_i/fwheun_0/inst/fwheun_struct/cmult2/op_mem_71_20_reg[0][16]/D (clocked by clk_fpga_0). Large setup violations at the end of those stages might be difficult to fix during the post-placement implementation flow and could be the result of non-optimal XDC constraints or non-optimal design architecture
Related violations: <none>

TIMING-16#84 Warning
Large setup violation  
There is a large setup violation of -4.184 ns between design_1_i/fwheun_0/inst/fwheun_struct/cmult1/mult_52_58__8/CLK (clocked by clk_fpga_0) and design_1_i/fwheun_0/inst/fwheun_struct/cmult1/op_mem_71_20_reg[0][7]/D (clocked by clk_fpga_0). Large setup violations at the end of those stages might be difficult to fix during the post-placement implementation flow and could be the result of non-optimal XDC constraints or non-optimal design architecture
Related violations: <none>

TIMING-16#85 Warning
Large setup violation  
There is a large setup violation of -4.239 ns between design_1_i/fwheun_0/inst/fwheun_struct/cmult2/mult_52_58__2/CLK (clocked by clk_fpga_0) and design_1_i/fwheun_0/inst/fwheun_struct/cmult2/op_mem_71_20_reg[0][29]/D (clocked by clk_fpga_0). Large setup violations at the end of those stages might be difficult to fix during the post-placement implementation flow and could be the result of non-optimal XDC constraints or non-optimal design architecture
Related violations: <none>

TIMING-16#86 Warning
Large setup violation  
There is a large setup violation of -4.267 ns between design_1_i/fwheun_0/inst/fwheun_struct/cmult2/mult_52_58__2/CLK (clocked by clk_fpga_0) and design_1_i/fwheun_0/inst/fwheun_struct/cmult2/op_mem_71_20_reg[0][22]/D (clocked by clk_fpga_0). Large setup violations at the end of those stages might be difficult to fix during the post-placement implementation flow and could be the result of non-optimal XDC constraints or non-optimal design architecture
Related violations: <none>

TIMING-16#87 Warning
Large setup violation  
There is a large setup violation of -4.300 ns between design_1_i/fwheun_0/inst/fwheun_struct/cmult1/mult_52_58__8/CLK (clocked by clk_fpga_0) and design_1_i/fwheun_0/inst/fwheun_struct/cmult1/op_mem_71_20_reg[0][12]/D (clocked by clk_fpga_0). Large setup violations at the end of those stages might be difficult to fix during the post-placement implementation flow and could be the result of non-optimal XDC constraints or non-optimal design architecture
Related violations: <none>

TIMING-16#88 Warning
Large setup violation  
There is a large setup violation of -4.309 ns between design_1_i/fwheun_0/inst/fwheun_struct/cmult1/mult_52_58__8/CLK (clocked by clk_fpga_0) and design_1_i/fwheun_0/inst/fwheun_struct/cmult1/op_mem_71_20_reg[0][10]/D (clocked by clk_fpga_0). Large setup violations at the end of those stages might be difficult to fix during the post-placement implementation flow and could be the result of non-optimal XDC constraints or non-optimal design architecture
Related violations: <none>

TIMING-16#89 Warning
Large setup violation  
There is a large setup violation of -4.320 ns between design_1_i/fwheun_0/inst/fwheun_struct/cmult1/mult_52_58__8/CLK (clocked by clk_fpga_0) and design_1_i/fwheun_0/inst/fwheun_struct/cmult1/op_mem_71_20_reg[0][4]/D (clocked by clk_fpga_0). Large setup violations at the end of those stages might be difficult to fix during the post-placement implementation flow and could be the result of non-optimal XDC constraints or non-optimal design architecture
Related violations: <none>

TIMING-16#90 Warning
Large setup violation  
There is a large setup violation of -4.340 ns between design_1_i/fwheun_0/inst/fwheun_struct/cmult2/mult_52_58__2/CLK (clocked by clk_fpga_0) and design_1_i/fwheun_0/inst/fwheun_struct/cmult2/op_mem_71_20_reg[0][19]/D (clocked by clk_fpga_0). Large setup violations at the end of those stages might be difficult to fix during the post-placement implementation flow and could be the result of non-optimal XDC constraints or non-optimal design architecture
Related violations: <none>

TIMING-16#91 Warning
Large setup violation  
There is a large setup violation of -4.348 ns between design_1_i/fwheun_0/inst/fwheun_struct/cmult1/mult_52_58__8/CLK (clocked by clk_fpga_0) and design_1_i/fwheun_0/inst/fwheun_struct/cmult1/op_mem_71_20_reg[0][0]/D (clocked by clk_fpga_0). Large setup violations at the end of those stages might be difficult to fix during the post-placement implementation flow and could be the result of non-optimal XDC constraints or non-optimal design architecture
Related violations: <none>

TIMING-16#92 Warning
Large setup violation  
There is a large setup violation of -4.364 ns between design_1_i/fwheun_0/inst/fwheun_struct/cmult1/mult_52_58__8/CLK (clocked by clk_fpga_0) and design_1_i/fwheun_0/inst/fwheun_struct/cmult1/op_mem_71_20_reg[0][8]/D (clocked by clk_fpga_0). Large setup violations at the end of those stages might be difficult to fix during the post-placement implementation flow and could be the result of non-optimal XDC constraints or non-optimal design architecture
Related violations: <none>

TIMING-16#93 Warning
Large setup violation  
There is a large setup violation of -4.380 ns between design_1_i/fwheun_0/inst/fwheun_struct/cmult1/mult_52_58__8/CLK (clocked by clk_fpga_0) and design_1_i/fwheun_0/inst/fwheun_struct/cmult1/op_mem_71_20_reg[0][0]/S (clocked by clk_fpga_0). Large setup violations at the end of those stages might be difficult to fix during the post-placement implementation flow and could be the result of non-optimal XDC constraints or non-optimal design architecture
Related violations: <none>

TIMING-16#94 Warning
Large setup violation  
There is a large setup violation of -4.380 ns between design_1_i/fwheun_0/inst/fwheun_struct/cmult1/mult_52_58__8/CLK (clocked by clk_fpga_0) and design_1_i/fwheun_0/inst/fwheun_struct/cmult1/op_mem_71_20_reg[0][14]/S (clocked by clk_fpga_0). Large setup violations at the end of those stages might be difficult to fix during the post-placement implementation flow and could be the result of non-optimal XDC constraints or non-optimal design architecture
Related violations: <none>

TIMING-16#95 Warning
Large setup violation  
There is a large setup violation of -4.380 ns between design_1_i/fwheun_0/inst/fwheun_struct/cmult1/mult_52_58__8/CLK (clocked by clk_fpga_0) and design_1_i/fwheun_0/inst/fwheun_struct/cmult1/op_mem_71_20_reg[0][15]/S (clocked by clk_fpga_0). Large setup violations at the end of those stages might be difficult to fix during the post-placement implementation flow and could be the result of non-optimal XDC constraints or non-optimal design architecture
Related violations: <none>

TIMING-16#96 Warning
Large setup violation  
There is a large setup violation of -4.380 ns between design_1_i/fwheun_0/inst/fwheun_struct/cmult1/mult_52_58__8/CLK (clocked by clk_fpga_0) and design_1_i/fwheun_0/inst/fwheun_struct/cmult1/op_mem_71_20_reg[0][16]/S (clocked by clk_fpga_0). Large setup violations at the end of those stages might be difficult to fix during the post-placement implementation flow and could be the result of non-optimal XDC constraints or non-optimal design architecture
Related violations: <none>

TIMING-16#97 Warning
Large setup violation  
There is a large setup violation of -4.380 ns between design_1_i/fwheun_0/inst/fwheun_struct/cmult1/mult_52_58__8/CLK (clocked by clk_fpga_0) and design_1_i/fwheun_0/inst/fwheun_struct/cmult1/op_mem_71_20_reg[0][17]/S (clocked by clk_fpga_0). Large setup violations at the end of those stages might be difficult to fix during the post-placement implementation flow and could be the result of non-optimal XDC constraints or non-optimal design architecture
Related violations: <none>

TIMING-16#98 Warning
Large setup violation  
There is a large setup violation of -4.380 ns between design_1_i/fwheun_0/inst/fwheun_struct/cmult1/mult_52_58__8/CLK (clocked by clk_fpga_0) and design_1_i/fwheun_0/inst/fwheun_struct/cmult1/op_mem_71_20_reg[0][30]/S (clocked by clk_fpga_0). Large setup violations at the end of those stages might be difficult to fix during the post-placement implementation flow and could be the result of non-optimal XDC constraints or non-optimal design architecture
Related violations: <none>

TIMING-16#99 Warning
Large setup violation  
There is a large setup violation of -4.380 ns between design_1_i/fwheun_0/inst/fwheun_struct/cmult1/mult_52_58__8/CLK (clocked by clk_fpga_0) and design_1_i/fwheun_0/inst/fwheun_struct/cmult1/op_mem_71_20_reg[0][31]/R (clocked by clk_fpga_0). Large setup violations at the end of those stages might be difficult to fix during the post-placement implementation flow and could be the result of non-optimal XDC constraints or non-optimal design architecture
Related violations: <none>

TIMING-16#100 Warning
Large setup violation  
There is a large setup violation of -4.380 ns between design_1_i/fwheun_0/inst/fwheun_struct/cmult1/mult_52_58__8/CLK (clocked by clk_fpga_0) and design_1_i/fwheun_0/inst/fwheun_struct/cmult1/op_mem_71_20_reg[0][3]/S (clocked by clk_fpga_0). Large setup violations at the end of those stages might be difficult to fix during the post-placement implementation flow and could be the result of non-optimal XDC constraints or non-optimal design architecture
Related violations: <none>

TIMING-16#101 Warning
Large setup violation  
There is a large setup violation of -4.396 ns between design_1_i/fwheun_0/inst/fwheun_struct/cmult1/mult_52_58__8/CLK (clocked by clk_fpga_0) and design_1_i/fwheun_0/inst/fwheun_struct/cmult1/op_mem_71_20_reg[0][19]/S (clocked by clk_fpga_0). Large setup violations at the end of those stages might be difficult to fix during the post-placement implementation flow and could be the result of non-optimal XDC constraints or non-optimal design architecture
Related violations: <none>

TIMING-16#102 Warning
Large setup violation  
There is a large setup violation of -4.396 ns between design_1_i/fwheun_0/inst/fwheun_struct/cmult1/mult_52_58__8/CLK (clocked by clk_fpga_0) and design_1_i/fwheun_0/inst/fwheun_struct/cmult1/op_mem_71_20_reg[0][25]/S (clocked by clk_fpga_0). Large setup violations at the end of those stages might be difficult to fix during the post-placement implementation flow and could be the result of non-optimal XDC constraints or non-optimal design architecture
Related violations: <none>

TIMING-16#103 Warning
Large setup violation  
There is a large setup violation of -4.396 ns between design_1_i/fwheun_0/inst/fwheun_struct/cmult1/mult_52_58__8/CLK (clocked by clk_fpga_0) and design_1_i/fwheun_0/inst/fwheun_struct/cmult1/op_mem_71_20_reg[0][26]/S (clocked by clk_fpga_0). Large setup violations at the end of those stages might be difficult to fix during the post-placement implementation flow and could be the result of non-optimal XDC constraints or non-optimal design architecture
Related violations: <none>

TIMING-16#104 Warning
Large setup violation  
There is a large setup violation of -4.396 ns between design_1_i/fwheun_0/inst/fwheun_struct/cmult1/mult_52_58__8/CLK (clocked by clk_fpga_0) and design_1_i/fwheun_0/inst/fwheun_struct/cmult1/op_mem_71_20_reg[0][27]/S (clocked by clk_fpga_0). Large setup violations at the end of those stages might be difficult to fix during the post-placement implementation flow and could be the result of non-optimal XDC constraints or non-optimal design architecture
Related violations: <none>

TIMING-16#105 Warning
Large setup violation  
There is a large setup violation of -4.396 ns between design_1_i/fwheun_0/inst/fwheun_struct/cmult1/mult_52_58__8/CLK (clocked by clk_fpga_0) and design_1_i/fwheun_0/inst/fwheun_struct/cmult1/op_mem_71_20_reg[0][4]/S (clocked by clk_fpga_0). Large setup violations at the end of those stages might be difficult to fix during the post-placement implementation flow and could be the result of non-optimal XDC constraints or non-optimal design architecture
Related violations: <none>

TIMING-16#106 Warning
Large setup violation  
There is a large setup violation of -4.403 ns between design_1_i/fwheun_0/inst/fwheun_struct/cmult2/mult_52_58__2/CLK (clocked by clk_fpga_0) and design_1_i/fwheun_0/inst/fwheun_struct/cmult2/op_mem_71_20_reg[0][14]/D (clocked by clk_fpga_0). Large setup violations at the end of those stages might be difficult to fix during the post-placement implementation flow and could be the result of non-optimal XDC constraints or non-optimal design architecture
Related violations: <none>

TIMING-16#107 Warning
Large setup violation  
There is a large setup violation of -4.422 ns between design_1_i/fwheun_0/inst/fwheun_struct/cmult2/mult_52_58__2/CLK (clocked by clk_fpga_0) and design_1_i/fwheun_0/inst/fwheun_struct/cmult2/op_mem_71_20_reg[0][0]/S (clocked by clk_fpga_0). Large setup violations at the end of those stages might be difficult to fix during the post-placement implementation flow and could be the result of non-optimal XDC constraints or non-optimal design architecture
Related violations: <none>

TIMING-16#108 Warning
Large setup violation  
There is a large setup violation of -4.422 ns between design_1_i/fwheun_0/inst/fwheun_struct/cmult2/mult_52_58__2/CLK (clocked by clk_fpga_0) and design_1_i/fwheun_0/inst/fwheun_struct/cmult2/op_mem_71_20_reg[0][14]/S (clocked by clk_fpga_0). Large setup violations at the end of those stages might be difficult to fix during the post-placement implementation flow and could be the result of non-optimal XDC constraints or non-optimal design architecture
Related violations: <none>

TIMING-16#109 Warning
Large setup violation  
There is a large setup violation of -4.422 ns between design_1_i/fwheun_0/inst/fwheun_struct/cmult2/mult_52_58__2/CLK (clocked by clk_fpga_0) and design_1_i/fwheun_0/inst/fwheun_struct/cmult2/op_mem_71_20_reg[0][20]/S (clocked by clk_fpga_0). Large setup violations at the end of those stages might be difficult to fix during the post-placement implementation flow and could be the result of non-optimal XDC constraints or non-optimal design architecture
Related violations: <none>

TIMING-16#110 Warning
Large setup violation  
There is a large setup violation of -4.422 ns between design_1_i/fwheun_0/inst/fwheun_struct/cmult2/mult_52_58__2/CLK (clocked by clk_fpga_0) and design_1_i/fwheun_0/inst/fwheun_struct/cmult2/op_mem_71_20_reg[0][21]/S (clocked by clk_fpga_0). Large setup violations at the end of those stages might be difficult to fix during the post-placement implementation flow and could be the result of non-optimal XDC constraints or non-optimal design architecture
Related violations: <none>

TIMING-16#111 Warning
Large setup violation  
There is a large setup violation of -4.422 ns between design_1_i/fwheun_0/inst/fwheun_struct/cmult2/mult_52_58__2/CLK (clocked by clk_fpga_0) and design_1_i/fwheun_0/inst/fwheun_struct/cmult2/op_mem_71_20_reg[0][31]/R (clocked by clk_fpga_0). Large setup violations at the end of those stages might be difficult to fix during the post-placement implementation flow and could be the result of non-optimal XDC constraints or non-optimal design architecture
Related violations: <none>

TIMING-16#112 Warning
Large setup violation  
There is a large setup violation of -4.422 ns between design_1_i/fwheun_0/inst/fwheun_struct/cmult2/mult_52_58__2/CLK (clocked by clk_fpga_0) and design_1_i/fwheun_0/inst/fwheun_struct/cmult2/op_mem_71_20_reg[0][7]/S (clocked by clk_fpga_0). Large setup violations at the end of those stages might be difficult to fix during the post-placement implementation flow and could be the result of non-optimal XDC constraints or non-optimal design architecture
Related violations: <none>

TIMING-16#113 Warning
Large setup violation  
There is a large setup violation of -4.432 ns between design_1_i/fwheun_0/inst/fwheun_struct/cmult2/mult_52_58__2/CLK (clocked by clk_fpga_0) and design_1_i/fwheun_0/inst/fwheun_struct/cmult2/op_mem_71_20_reg[0][15]/S (clocked by clk_fpga_0). Large setup violations at the end of those stages might be difficult to fix during the post-placement implementation flow and could be the result of non-optimal XDC constraints or non-optimal design architecture
Related violations: <none>

TIMING-16#114 Warning
Large setup violation  
There is a large setup violation of -4.432 ns between design_1_i/fwheun_0/inst/fwheun_struct/cmult2/mult_52_58__2/CLK (clocked by clk_fpga_0) and design_1_i/fwheun_0/inst/fwheun_struct/cmult2/op_mem_71_20_reg[0][25]/S (clocked by clk_fpga_0). Large setup violations at the end of those stages might be difficult to fix during the post-placement implementation flow and could be the result of non-optimal XDC constraints or non-optimal design architecture
Related violations: <none>

TIMING-16#115 Warning
Large setup violation  
There is a large setup violation of -4.432 ns between design_1_i/fwheun_0/inst/fwheun_struct/cmult2/mult_52_58__2/CLK (clocked by clk_fpga_0) and design_1_i/fwheun_0/inst/fwheun_struct/cmult2/op_mem_71_20_reg[0][8]/S (clocked by clk_fpga_0). Large setup violations at the end of those stages might be difficult to fix during the post-placement implementation flow and could be the result of non-optimal XDC constraints or non-optimal design architecture
Related violations: <none>

TIMING-16#116 Warning
Large setup violation  
There is a large setup violation of -4.439 ns between design_1_i/fwheun_0/inst/fwheun_struct/cmult2/mult_52_58__2/CLK (clocked by clk_fpga_0) and design_1_i/fwheun_0/inst/fwheun_struct/cmult2/op_mem_71_20_reg[0][11]/S (clocked by clk_fpga_0). Large setup violations at the end of those stages might be difficult to fix during the post-placement implementation flow and could be the result of non-optimal XDC constraints or non-optimal design architecture
Related violations: <none>

TIMING-16#117 Warning
Large setup violation  
There is a large setup violation of -4.439 ns between design_1_i/fwheun_0/inst/fwheun_struct/cmult2/mult_52_58__2/CLK (clocked by clk_fpga_0) and design_1_i/fwheun_0/inst/fwheun_struct/cmult2/op_mem_71_20_reg[0][2]/S (clocked by clk_fpga_0). Large setup violations at the end of those stages might be difficult to fix during the post-placement implementation flow and could be the result of non-optimal XDC constraints or non-optimal design architecture
Related violations: <none>

TIMING-16#118 Warning
Large setup violation  
There is a large setup violation of -4.439 ns between design_1_i/fwheun_0/inst/fwheun_struct/cmult2/mult_52_58__2/CLK (clocked by clk_fpga_0) and design_1_i/fwheun_0/inst/fwheun_struct/cmult2/op_mem_71_20_reg[0][3]/S (clocked by clk_fpga_0). Large setup violations at the end of those stages might be difficult to fix during the post-placement implementation flow and could be the result of non-optimal XDC constraints or non-optimal design architecture
Related violations: <none>

TIMING-16#119 Warning
Large setup violation  
There is a large setup violation of -4.439 ns between design_1_i/fwheun_0/inst/fwheun_struct/cmult2/mult_52_58__2/CLK (clocked by clk_fpga_0) and design_1_i/fwheun_0/inst/fwheun_struct/cmult2/op_mem_71_20_reg[0][4]/S (clocked by clk_fpga_0). Large setup violations at the end of those stages might be difficult to fix during the post-placement implementation flow and could be the result of non-optimal XDC constraints or non-optimal design architecture
Related violations: <none>

TIMING-16#120 Warning
Large setup violation  
There is a large setup violation of -4.472 ns between design_1_i/fwheun_0/inst/fwheun_struct/cmult2/mult_52_58__2/CLK (clocked by clk_fpga_0) and design_1_i/fwheun_0/inst/fwheun_struct/cmult2/op_mem_71_20_reg[0][23]/S (clocked by clk_fpga_0). Large setup violations at the end of those stages might be difficult to fix during the post-placement implementation flow and could be the result of non-optimal XDC constraints or non-optimal design architecture
Related violations: <none>

TIMING-16#121 Warning
Large setup violation  
There is a large setup violation of -4.472 ns between design_1_i/fwheun_0/inst/fwheun_struct/cmult2/mult_52_58__2/CLK (clocked by clk_fpga_0) and design_1_i/fwheun_0/inst/fwheun_struct/cmult2/op_mem_71_20_reg[0][30]/S (clocked by clk_fpga_0). Large setup violations at the end of those stages might be difficult to fix during the post-placement implementation flow and could be the result of non-optimal XDC constraints or non-optimal design architecture
Related violations: <none>

TIMING-16#122 Warning
Large setup violation  
There is a large setup violation of -4.472 ns between design_1_i/fwheun_0/inst/fwheun_struct/cmult2/mult_52_58__2/CLK (clocked by clk_fpga_0) and design_1_i/fwheun_0/inst/fwheun_struct/cmult2/op_mem_71_20_reg[0][5]/S (clocked by clk_fpga_0). Large setup violations at the end of those stages might be difficult to fix during the post-placement implementation flow and could be the result of non-optimal XDC constraints or non-optimal design architecture
Related violations: <none>

TIMING-16#123 Warning
Large setup violation  
There is a large setup violation of -4.475 ns between design_1_i/fwheun_0/inst/fwheun_struct/cmult1/mult_52_58__8/CLK (clocked by clk_fpga_0) and design_1_i/fwheun_0/inst/fwheun_struct/cmult1/op_mem_71_20_reg[0][13]/S (clocked by clk_fpga_0). Large setup violations at the end of those stages might be difficult to fix during the post-placement implementation flow and could be the result of non-optimal XDC constraints or non-optimal design architecture
Related violations: <none>

TIMING-16#124 Warning
Large setup violation  
There is a large setup violation of -4.475 ns between design_1_i/fwheun_0/inst/fwheun_struct/cmult1/mult_52_58__8/CLK (clocked by clk_fpga_0) and design_1_i/fwheun_0/inst/fwheun_struct/cmult1/op_mem_71_20_reg[0][24]/S (clocked by clk_fpga_0). Large setup violations at the end of those stages might be difficult to fix during the post-placement implementation flow and could be the result of non-optimal XDC constraints or non-optimal design architecture
Related violations: <none>

TIMING-16#125 Warning
Large setup violation  
There is a large setup violation of -4.475 ns between design_1_i/fwheun_0/inst/fwheun_struct/cmult1/mult_52_58__8/CLK (clocked by clk_fpga_0) and design_1_i/fwheun_0/inst/fwheun_struct/cmult1/op_mem_71_20_reg[0][29]/S (clocked by clk_fpga_0). Large setup violations at the end of those stages might be difficult to fix during the post-placement implementation flow and could be the result of non-optimal XDC constraints or non-optimal design architecture
Related violations: <none>

TIMING-16#126 Warning
Large setup violation  
There is a large setup violation of -4.475 ns between design_1_i/fwheun_0/inst/fwheun_struct/cmult1/mult_52_58__8/CLK (clocked by clk_fpga_0) and design_1_i/fwheun_0/inst/fwheun_struct/cmult1/op_mem_71_20_reg[0][2]/S (clocked by clk_fpga_0). Large setup violations at the end of those stages might be difficult to fix during the post-placement implementation flow and could be the result of non-optimal XDC constraints or non-optimal design architecture
Related violations: <none>

TIMING-16#127 Warning
Large setup violation  
There is a large setup violation of -4.475 ns between design_1_i/fwheun_0/inst/fwheun_struct/cmult1/mult_52_58__8/CLK (clocked by clk_fpga_0) and design_1_i/fwheun_0/inst/fwheun_struct/cmult1/op_mem_71_20_reg[0][5]/S (clocked by clk_fpga_0). Large setup violations at the end of those stages might be difficult to fix during the post-placement implementation flow and could be the result of non-optimal XDC constraints or non-optimal design architecture
Related violations: <none>

TIMING-16#128 Warning
Large setup violation  
There is a large setup violation of -4.475 ns between design_1_i/fwheun_0/inst/fwheun_struct/cmult1/mult_52_58__8/CLK (clocked by clk_fpga_0) and design_1_i/fwheun_0/inst/fwheun_struct/cmult1/op_mem_71_20_reg[0][7]/S (clocked by clk_fpga_0). Large setup violations at the end of those stages might be difficult to fix during the post-placement implementation flow and could be the result of non-optimal XDC constraints or non-optimal design architecture
Related violations: <none>

TIMING-16#129 Warning
Large setup violation  
There is a large setup violation of -4.475 ns between design_1_i/fwheun_0/inst/fwheun_struct/cmult1/mult_52_58__8/CLK (clocked by clk_fpga_0) and design_1_i/fwheun_0/inst/fwheun_struct/cmult1/op_mem_71_20_reg[0][8]/S (clocked by clk_fpga_0). Large setup violations at the end of those stages might be difficult to fix during the post-placement implementation flow and could be the result of non-optimal XDC constraints or non-optimal design architecture
Related violations: <none>

TIMING-16#130 Warning
Large setup violation  
There is a large setup violation of -4.475 ns between design_1_i/fwheun_0/inst/fwheun_struct/cmult1/mult_52_58__8/CLK (clocked by clk_fpga_0) and design_1_i/fwheun_0/inst/fwheun_struct/cmult1/op_mem_71_20_reg[0][9]/S (clocked by clk_fpga_0). Large setup violations at the end of those stages might be difficult to fix during the post-placement implementation flow and could be the result of non-optimal XDC constraints or non-optimal design architecture
Related violations: <none>

TIMING-16#131 Warning
Large setup violation  
There is a large setup violation of -4.491 ns between design_1_i/fwheun_0/inst/fwheun_struct/cmult1/mult_52_58__8/CLK (clocked by clk_fpga_0) and design_1_i/fwheun_0/inst/fwheun_struct/cmult1/op_mem_71_20_reg[0][10]/S (clocked by clk_fpga_0). Large setup violations at the end of those stages might be difficult to fix during the post-placement implementation flow and could be the result of non-optimal XDC constraints or non-optimal design architecture
Related violations: <none>

TIMING-16#132 Warning
Large setup violation  
There is a large setup violation of -4.491 ns between design_1_i/fwheun_0/inst/fwheun_struct/cmult1/mult_52_58__8/CLK (clocked by clk_fpga_0) and design_1_i/fwheun_0/inst/fwheun_struct/cmult1/op_mem_71_20_reg[0][11]/S (clocked by clk_fpga_0). Large setup violations at the end of those stages might be difficult to fix during the post-placement implementation flow and could be the result of non-optimal XDC constraints or non-optimal design architecture
Related violations: <none>

TIMING-16#133 Warning
Large setup violation  
There is a large setup violation of -4.491 ns between design_1_i/fwheun_0/inst/fwheun_struct/cmult1/mult_52_58__8/CLK (clocked by clk_fpga_0) and design_1_i/fwheun_0/inst/fwheun_struct/cmult1/op_mem_71_20_reg[0][12]/S (clocked by clk_fpga_0). Large setup violations at the end of those stages might be difficult to fix during the post-placement implementation flow and could be the result of non-optimal XDC constraints or non-optimal design architecture
Related violations: <none>

TIMING-16#134 Warning
Large setup violation  
There is a large setup violation of -4.491 ns between design_1_i/fwheun_0/inst/fwheun_struct/cmult1/mult_52_58__8/CLK (clocked by clk_fpga_0) and design_1_i/fwheun_0/inst/fwheun_struct/cmult1/op_mem_71_20_reg[0][18]/S (clocked by clk_fpga_0). Large setup violations at the end of those stages might be difficult to fix during the post-placement implementation flow and could be the result of non-optimal XDC constraints or non-optimal design architecture
Related violations: <none>

TIMING-16#135 Warning
Large setup violation  
There is a large setup violation of -4.491 ns between design_1_i/fwheun_0/inst/fwheun_struct/cmult1/mult_52_58__8/CLK (clocked by clk_fpga_0) and design_1_i/fwheun_0/inst/fwheun_struct/cmult1/op_mem_71_20_reg[0][21]/S (clocked by clk_fpga_0). Large setup violations at the end of those stages might be difficult to fix during the post-placement implementation flow and could be the result of non-optimal XDC constraints or non-optimal design architecture
Related violations: <none>

TIMING-16#136 Warning
Large setup violation  
There is a large setup violation of -4.491 ns between design_1_i/fwheun_0/inst/fwheun_struct/cmult1/mult_52_58__8/CLK (clocked by clk_fpga_0) and design_1_i/fwheun_0/inst/fwheun_struct/cmult1/op_mem_71_20_reg[0][22]/S (clocked by clk_fpga_0). Large setup violations at the end of those stages might be difficult to fix during the post-placement implementation flow and could be the result of non-optimal XDC constraints or non-optimal design architecture
Related violations: <none>

TIMING-16#137 Warning
Large setup violation  
There is a large setup violation of -4.491 ns between design_1_i/fwheun_0/inst/fwheun_struct/cmult1/mult_52_58__8/CLK (clocked by clk_fpga_0) and design_1_i/fwheun_0/inst/fwheun_struct/cmult1/op_mem_71_20_reg[0][23]/S (clocked by clk_fpga_0). Large setup violations at the end of those stages might be difficult to fix during the post-placement implementation flow and could be the result of non-optimal XDC constraints or non-optimal design architecture
Related violations: <none>

TIMING-16#138 Warning
Large setup violation  
There is a large setup violation of -4.491 ns between design_1_i/fwheun_0/inst/fwheun_struct/cmult1/mult_52_58__8/CLK (clocked by clk_fpga_0) and design_1_i/fwheun_0/inst/fwheun_struct/cmult1/op_mem_71_20_reg[0][28]/S (clocked by clk_fpga_0). Large setup violations at the end of those stages might be difficult to fix during the post-placement implementation flow and could be the result of non-optimal XDC constraints or non-optimal design architecture
Related violations: <none>

TIMING-16#139 Warning
Large setup violation  
There is a large setup violation of -4.517 ns between design_1_i/fwheun_0/inst/fwheun_struct/cmult2/mult_52_58__2/CLK (clocked by clk_fpga_0) and design_1_i/fwheun_0/inst/fwheun_struct/cmult2/op_mem_71_20_reg[0][17]/S (clocked by clk_fpga_0). Large setup violations at the end of those stages might be difficult to fix during the post-placement implementation flow and could be the result of non-optimal XDC constraints or non-optimal design architecture
Related violations: <none>

TIMING-16#140 Warning
Large setup violation  
There is a large setup violation of -4.517 ns between design_1_i/fwheun_0/inst/fwheun_struct/cmult2/mult_52_58__2/CLK (clocked by clk_fpga_0) and design_1_i/fwheun_0/inst/fwheun_struct/cmult2/op_mem_71_20_reg[0][1]/S (clocked by clk_fpga_0). Large setup violations at the end of those stages might be difficult to fix during the post-placement implementation flow and could be the result of non-optimal XDC constraints or non-optimal design architecture
Related violations: <none>

TIMING-16#141 Warning
Large setup violation  
There is a large setup violation of -4.517 ns between design_1_i/fwheun_0/inst/fwheun_struct/cmult2/mult_52_58__2/CLK (clocked by clk_fpga_0) and design_1_i/fwheun_0/inst/fwheun_struct/cmult2/op_mem_71_20_reg[0][22]/S (clocked by clk_fpga_0). Large setup violations at the end of those stages might be difficult to fix during the post-placement implementation flow and could be the result of non-optimal XDC constraints or non-optimal design architecture
Related violations: <none>

TIMING-16#142 Warning
Large setup violation  
There is a large setup violation of -4.517 ns between design_1_i/fwheun_0/inst/fwheun_struct/cmult2/mult_52_58__2/CLK (clocked by clk_fpga_0) and design_1_i/fwheun_0/inst/fwheun_struct/cmult2/op_mem_71_20_reg[0][24]/S (clocked by clk_fpga_0). Large setup violations at the end of those stages might be difficult to fix during the post-placement implementation flow and could be the result of non-optimal XDC constraints or non-optimal design architecture
Related violations: <none>

TIMING-16#143 Warning
Large setup violation  
There is a large setup violation of -4.517 ns between design_1_i/fwheun_0/inst/fwheun_struct/cmult2/mult_52_58__2/CLK (clocked by clk_fpga_0) and design_1_i/fwheun_0/inst/fwheun_struct/cmult2/op_mem_71_20_reg[0][26]/S (clocked by clk_fpga_0). Large setup violations at the end of those stages might be difficult to fix during the post-placement implementation flow and could be the result of non-optimal XDC constraints or non-optimal design architecture
Related violations: <none>

TIMING-16#144 Warning
Large setup violation  
There is a large setup violation of -4.517 ns between design_1_i/fwheun_0/inst/fwheun_struct/cmult2/mult_52_58__2/CLK (clocked by clk_fpga_0) and design_1_i/fwheun_0/inst/fwheun_struct/cmult2/op_mem_71_20_reg[0][27]/S (clocked by clk_fpga_0). Large setup violations at the end of those stages might be difficult to fix during the post-placement implementation flow and could be the result of non-optimal XDC constraints or non-optimal design architecture
Related violations: <none>

TIMING-16#145 Warning
Large setup violation  
There is a large setup violation of -4.517 ns between design_1_i/fwheun_0/inst/fwheun_struct/cmult2/mult_52_58__2/CLK (clocked by clk_fpga_0) and design_1_i/fwheun_0/inst/fwheun_struct/cmult2/op_mem_71_20_reg[0][28]/S (clocked by clk_fpga_0). Large setup violations at the end of those stages might be difficult to fix during the post-placement implementation flow and could be the result of non-optimal XDC constraints or non-optimal design architecture
Related violations: <none>

TIMING-16#146 Warning
Large setup violation  
There is a large setup violation of -4.517 ns between design_1_i/fwheun_0/inst/fwheun_struct/cmult2/mult_52_58__2/CLK (clocked by clk_fpga_0) and design_1_i/fwheun_0/inst/fwheun_struct/cmult2/op_mem_71_20_reg[0][29]/S (clocked by clk_fpga_0). Large setup violations at the end of those stages might be difficult to fix during the post-placement implementation flow and could be the result of non-optimal XDC constraints or non-optimal design architecture
Related violations: <none>

TIMING-16#147 Warning
Large setup violation  
There is a large setup violation of -4.534 ns between design_1_i/fwheun_0/inst/fwheun_struct/cmult2/mult_52_58__2/CLK (clocked by clk_fpga_0) and design_1_i/fwheun_0/inst/fwheun_struct/cmult2/op_mem_71_20_reg[0][10]/S (clocked by clk_fpga_0). Large setup violations at the end of those stages might be difficult to fix during the post-placement implementation flow and could be the result of non-optimal XDC constraints or non-optimal design architecture
Related violations: <none>

TIMING-16#148 Warning
Large setup violation  
There is a large setup violation of -4.534 ns between design_1_i/fwheun_0/inst/fwheun_struct/cmult2/mult_52_58__2/CLK (clocked by clk_fpga_0) and design_1_i/fwheun_0/inst/fwheun_struct/cmult2/op_mem_71_20_reg[0][12]/S (clocked by clk_fpga_0). Large setup violations at the end of those stages might be difficult to fix during the post-placement implementation flow and could be the result of non-optimal XDC constraints or non-optimal design architecture
Related violations: <none>

TIMING-16#149 Warning
Large setup violation  
There is a large setup violation of -4.534 ns between design_1_i/fwheun_0/inst/fwheun_struct/cmult2/mult_52_58__2/CLK (clocked by clk_fpga_0) and design_1_i/fwheun_0/inst/fwheun_struct/cmult2/op_mem_71_20_reg[0][13]/S (clocked by clk_fpga_0). Large setup violations at the end of those stages might be difficult to fix during the post-placement implementation flow and could be the result of non-optimal XDC constraints or non-optimal design architecture
Related violations: <none>

TIMING-16#150 Warning
Large setup violation  
There is a large setup violation of -4.534 ns between design_1_i/fwheun_0/inst/fwheun_struct/cmult2/mult_52_58__2/CLK (clocked by clk_fpga_0) and design_1_i/fwheun_0/inst/fwheun_struct/cmult2/op_mem_71_20_reg[0][16]/S (clocked by clk_fpga_0). Large setup violations at the end of those stages might be difficult to fix during the post-placement implementation flow and could be the result of non-optimal XDC constraints or non-optimal design architecture
Related violations: <none>

TIMING-16#151 Warning
Large setup violation  
There is a large setup violation of -4.534 ns between design_1_i/fwheun_0/inst/fwheun_struct/cmult2/mult_52_58__2/CLK (clocked by clk_fpga_0) and design_1_i/fwheun_0/inst/fwheun_struct/cmult2/op_mem_71_20_reg[0][18]/S (clocked by clk_fpga_0). Large setup violations at the end of those stages might be difficult to fix during the post-placement implementation flow and could be the result of non-optimal XDC constraints or non-optimal design architecture
Related violations: <none>

TIMING-16#152 Warning
Large setup violation  
There is a large setup violation of -4.534 ns between design_1_i/fwheun_0/inst/fwheun_struct/cmult2/mult_52_58__2/CLK (clocked by clk_fpga_0) and design_1_i/fwheun_0/inst/fwheun_struct/cmult2/op_mem_71_20_reg[0][19]/S (clocked by clk_fpga_0). Large setup violations at the end of those stages might be difficult to fix during the post-placement implementation flow and could be the result of non-optimal XDC constraints or non-optimal design architecture
Related violations: <none>

TIMING-16#153 Warning
Large setup violation  
There is a large setup violation of -4.534 ns between design_1_i/fwheun_0/inst/fwheun_struct/cmult2/mult_52_58__2/CLK (clocked by clk_fpga_0) and design_1_i/fwheun_0/inst/fwheun_struct/cmult2/op_mem_71_20_reg[0][6]/S (clocked by clk_fpga_0). Large setup violations at the end of those stages might be difficult to fix during the post-placement implementation flow and could be the result of non-optimal XDC constraints or non-optimal design architecture
Related violations: <none>

TIMING-16#154 Warning
Large setup violation  
There is a large setup violation of -4.534 ns between design_1_i/fwheun_0/inst/fwheun_struct/cmult2/mult_52_58__2/CLK (clocked by clk_fpga_0) and design_1_i/fwheun_0/inst/fwheun_struct/cmult2/op_mem_71_20_reg[0][9]/S (clocked by clk_fpga_0). Large setup violations at the end of those stages might be difficult to fix during the post-placement implementation flow and could be the result of non-optimal XDC constraints or non-optimal design architecture
Related violations: <none>

TIMING-16#155 Warning
Large setup violation  
There is a large setup violation of -4.660 ns between design_1_i/fwheun_0/inst/fwheun_struct/cmult1/mult_52_58__8/CLK (clocked by clk_fpga_0) and design_1_i/fwheun_0/inst/fwheun_struct/cmult1/op_mem_71_20_reg[0][1]/S (clocked by clk_fpga_0). Large setup violations at the end of those stages might be difficult to fix during the post-placement implementation flow and could be the result of non-optimal XDC constraints or non-optimal design architecture
Related violations: <none>

TIMING-16#156 Warning
Large setup violation  
There is a large setup violation of -4.660 ns between design_1_i/fwheun_0/inst/fwheun_struct/cmult1/mult_52_58__8/CLK (clocked by clk_fpga_0) and design_1_i/fwheun_0/inst/fwheun_struct/cmult1/op_mem_71_20_reg[0][20]/S (clocked by clk_fpga_0). Large setup violations at the end of those stages might be difficult to fix during the post-placement implementation flow and could be the result of non-optimal XDC constraints or non-optimal design architecture
Related violations: <none>

TIMING-16#157 Warning
Large setup violation  
There is a large setup violation of -4.660 ns between design_1_i/fwheun_0/inst/fwheun_struct/cmult1/mult_52_58__8/CLK (clocked by clk_fpga_0) and design_1_i/fwheun_0/inst/fwheun_struct/cmult1/op_mem_71_20_reg[0][6]/S (clocked by clk_fpga_0). Large setup violations at the end of those stages might be difficult to fix during the post-placement implementation flow and could be the result of non-optimal XDC constraints or non-optimal design architecture
Related violations: <none>


